INFO app: empty database, seeded demo state
INFO app: mode=live  clock_scale=60.0  sim_now=2026-07-26T13:45:31
INFO app: RING milestone=Read the deadlocks section checkin=1 sim=2026-07-26T13:45:37
INFO app: RING milestone=Read the deadlocks section checkin=1 sim=2026-07-26T13:46:41
INFO httpx: HTTP Request: POST https://api.sarvam.ai/v1/chat/completions "HTTP/1.1 200 OK"
INFO httpx: HTTP Request: POST https://api.sarvam.ai/v1/chat/completions "HTTP/1.1 200 OK"
INFO httpx: HTTP Request: POST https://api.sarvam.ai/v1/chat/completions "HTTP/1.1 200 OK"
INFO httpx: HTTP Request: POST https://api.sarvam.ai/v1/chat/completions "HTTP/1.1 200 OK"
INFO httpx: HTTP Request: POST https://api.sarvam.ai/v1/chat/completions "HTTP/1.1 200 OK"
INFO app: RING milestone=Explain deadlock in own words checkin=2 sim=2026-07-26T16:04:58
INFO httpx: HTTP Request: POST https://api.sarvam.ai/v1/chat/completions "HTTP/1.1 200 OK"
INFO httpx: HTTP Request: POST https://api.sarvam.ai/text-to-speech "HTTP/1.1 200 OK"
ERROR asyncio: Exception in callback _ProactorBasePipeTransport._call_connection_lost(None)
handle: <Handle _ProactorBasePipeTransport._call_connection_lost(None)>
Traceback (most recent call last):
  File "C:\Users\jyoti\AppData\Local\Programs\Python\Python311\Lib\asyncio\events.py", line 84, in _run
    self._context.run(self._callback, *self._args)
  File "C:\Users\jyoti\AppData\Local\Programs\Python\Python311\Lib\asyncio\proactor_events.py", line 165, in _call_connection_lost
    self._sock.shutdown(socket.SHUT_RDWR)
ConnectionResetError: [WinError 10054] An existing connection was forcibly closed by the remote host
INFO app: RING milestone=Write one line about deadlock checkin=3 sim=2026-07-26T16:27:41
INFO app: RING milestone=Read the deadlocks section checkin=4 sim=2026-07-26T16:33:45
INFO app: RING milestone=Explain deadlock in own words checkin=5 sim=2026-07-26T16:37:49
INFO app: RING milestone=Read the deadlocks section checkin=1 sim=2026-07-26T13:46:06
INFO httpx: HTTP Request: POST https://api.sarvam.ai/v1/chat/completions "HTTP/1.1 200 OK"
INFO httpx: HTTP Request: POST https://api.sarvam.ai/v1/chat/completions "HTTP/1.1 200 OK"
INFO app: RING milestone=Prepare practice materials checkin=2 sim=2026-07-26T14:40:21
